Слушай, почини ка все ссылки. И сделай в правом верху активную кнопку, где сейчас буква :'M', при наведении на которую должна открываться панель со всей информацией(Имя или Никнейм, электронная почта, биллинг(нажав на который пользователь должен попасть во вкладку с стандартной инфой по биллингу. Но в данный момент всё должно быть условно или в виде заглушки) и другая нужная информация.), текущий тариф, остаток лимитов и кнопка «Пополнить баланс». А также что это за мигающая кнопка под словом VOX? Что там написано? И почему не видно? А вот логи:'

(venv) C:\Users\tzvan\Desktop\VOX\backend>python main.py

2026-03-02 23:04:31,129 [INFO] vox.db: ✅ БД инициализирована: vox.db

INFO:     Will watch for changes in these directories: ['C:\\Users\\tzvan\\Desktop\\VOX\\backend']

INFO:     Uvicorn running on http://0.0.0.0:8080 (Press CTRL+C to quit)

INFO:     Started reloader process [15600] using WatchFiles

2026-03-02 23:04:32,713 [INFO] vox.db: ✅ БД инициализирована: vox.db

2026-03-02 23:04:32,774 [INFO] watchfiles.main: 4 changes detected

2026-03-02 23:04:32,795 [INFO] vox.db: ✅ БД инициализирована: vox.db

INFO:     Started server process [7164]

INFO:     Waiting for application startup.

2026-03-02 23:04:32,822 [INFO] vox: 🚀 VOX сервер запускается...

2026-03-02 23:04:32,823 [INFO] vox: ✅ Deepgram API key найден

2026-03-02 23:04:33,086 [INFO] vox.translator: ✅ OpenAI клиент создан

2026-03-02 23:04:33,086 [INFO] vox: ✅ Переводчик готов

2026-03-02 23:04:33,137 [INFO] watchfiles.main: 4 changes detected

2026-03-02 23:04:33,314 [INFO] vox.tts: ✅ OpenAI TTS готов

2026-03-02 23:04:33,314 [INFO] vox: ✅ TTS движок готов

2026-03-02 23:04:33,314 [INFO] vox: ✅ RoomManager готов

2026-03-02 23:04:33,314 [INFO] vox: 🟢 VOX сервер готов к работе!

INFO:     Application startup complete.

INFO:     127.0.0.1:52468 - "GET / HTTP/1.1" 200 OK

INFO:     127.0.0.1:52468 - "GET /landing HTTP/1.1" 200 OK

INFO:     127.0.0.1:52468 - "GET /api/me HTTP/1.1" 200 OK

2026-03-02 23:04:44,407 [INFO] watchfiles.main: 2 changes detected

INFO:     127.0.0.1:62733 - "GET /host HTTP/1.1" 404 Not Found

INFO:     127.0.0.1:55447 - "GET /host HTTP/1.1" 404 Not Found

INFO:     127.0.0.1:62237 - "GET /host HTTP/1.1" 404 Not Found

INFO:     127.0.0.1:65325 - "GET / HTTP/1.1" 200 OK'. Ну и при нажатии кнопки:'Кабінет.' пользователь должен попадать в свой кабинет, где биллинг и всё остальное, а не в админку. В админку должен попадать я, как разработчик по ссылке /admin и логин и пароль должны быть заданы заранее в файле .env. Перепиши логику! Ну и сразу при запуске сервера стартовать должна стартовая страница с лендингом. Также при переходе на страницу хоста и другие страницы должна быть фиксированная шапка в виде сендвича на мобильных устройствах, где должны быть пункты :'Отзывы, кабинет и другие пункты, которые уже есть и в дальнейшей разработке'. Пока, наверное не сейчас, а позже, когда разберёмся с этими вопросами я ещё хотел бы кое что у тебя спросить. Например, в комнате могут быть участники с одинаковым языком. Есть ли возможность для таких участником и исключительно между ними выключать опцию перевода, а транслировать обычный аудио поток? Или это уже другая история и её сложно реализовать? Также в режиме 'Соло', если спикер тараторит очень быстро и не делает паузы, то скрипт будет долго ждать и ничего не переводить, пока буфер памяти не переполнится и не произойдёт какой то затык. Можно ли сделать так, чтобы, если спикер на протяжении, скажем 8 сек(подскажи оптимальный вариант) не делает паузы, чтобы скрипт автоматически начинал перевод и паралельно слушал далее спикера и готовил следующий перевод? Это не сложно сделать? И старайся не переписывать весь код, если изменений не много, а давать конкретные указания где и что изменить или заменить тот или иной код и на какой код!

